// Jest Snapshot v1, https://goo.gl/fbAQLP

exports[`matches previous snapshot 1`] = `
<DocumentFragment>
  <div
    class="loader"
  />
</DocumentFragment>
`;
